[2026-07-28 07:48:10,412] [INFO] [runner.py:378:main] Using IP address of 172.18.0.9 for node slurmnode1
[2026-07-28 07:48:10,413] [INFO] [multinode_runner.py:65:get_cmd] Running on the following workers: slurmnode1,slurmnode2
[2026-07-28 07:48:10,413] [INFO] [runner.py:457:main] cmd = pdsh -f 1024 -w slurmnode1,slurmnode2 export NCCL_VERSION=2.11.4; export PYTHONPATH=/dli:/etc/assessment/; export PYTHONIOENCODING=utf-8;  cd /dli; /opt/conda/bin/python3.8 -u -m deepspeed.launcher.launch --world_info=eyJzbHVybW5vZGUxIjogWzAsIDFdLCAic2x1cm1ub2RlMiI6IFswLCAxXX0= --node_rank=%n --master_addr=172.18.0.9 --master_port=29500 /dli/minGPT/minGPT/runStep4.py --deepspeed --deepspeed_config '/dli/minGPT/minGPT/ds_config_step4.json'
slurmnode2: [2026-07-28 07:48:11,826] [INFO] [launch.py:96:main] 1 NCCL_VERSION=2.11.4
slurmnode2: [2026-07-28 07:48:11,826] [INFO] [launch.py:103:main] WORLD INFO DICT: {'slurmnode1': [0, 1], 'slurmnode2': [0, 1]}
slurmnode2: [2026-07-28 07:48:11,826] [INFO] [launch.py:109:main] nnodes=2, num_local_procs=2, node_rank=1
slurmnode2: [2026-07-28 07:48:11,826] [INFO] [launch.py:122:main] global_rank_mapping=defaultdict(<class 'list'>, {'slurmnode1': [0, 1], 'slurmnode2': [2, 3]})
slurmnode2: [2026-07-28 07:48:11,826] [INFO] [launch.py:123:main] dist_world_size=4
slurmnode2: [2026-07-28 07:48:11,826] [INFO] [launch.py:125:main] Setting CUDA_VISIBLE_DEVICES=0,1
slurmnode1: [2026-07-28 07:48:11,829] [INFO] [launch.py:96:main] 0 NCCL_VERSION=2.11.4
slurmnode1: [2026-07-28 07:48:11,829] [INFO] [launch.py:103:main] WORLD INFO DICT: {'slurmnode1': [0, 1], 'slurmnode2': [0, 1]}
slurmnode1: [2026-07-28 07:48:11,829] [INFO] [launch.py:109:main] nnodes=2, num_local_procs=2, node_rank=0
slurmnode1: [2026-07-28 07:48:11,829] [INFO] [launch.py:122:main] global_rank_mapping=defaultdict(<class 'list'>, {'slurmnode1': [0, 1], 'slurmnode2': [2, 3]})
slurmnode1: [2026-07-28 07:48:11,829] [INFO] [launch.py:123:main] dist_world_size=4
slurmnode1: [2026-07-28 07:48:11,829] [INFO] [launch.py:125:main] Setting CUDA_VISIBLE_DEVICES=0,1
slurmnode1: [2026-07-28 07:48:13,007] [INFO] [distributed.py:48:init_distributed] Initializing torch distributed with backend: nccl
slurmnode1: Files already downloaded and verified
slurmnode2: Files already downloaded and verified
slurmnode2: Files already downloaded and verified
slurmnode1: Files already downloaded and verified
slurmnode1: Files already downloaded and verified
slurmnode1: Files already downloaded and verified
slurmnode2: Files already downloaded and verifiedFiles already downloaded and verified
slurmnode2: 
slurmnode2: done step 1/8, re-initialized 4 dead clusters
slurmnode1: done step 1/8, re-initialized 4 dead clusters
slurmnode1: done step 1/8, re-initialized 4 dead clusters
slurmnode2: done step 1/8, re-initialized 4 dead clusters
slurmnode2: done step 2/8, re-initialized 0 dead clusters
slurmnode1: done step 2/8, re-initialized 0 dead clusters
slurmnode2: done step 2/8, re-initialized 0 dead clusters
slurmnode1: done step 2/8, re-initialized 0 dead clusters
slurmnode2: done step 3/8, re-initialized 0 dead clusters
slurmnode1: done step 3/8, re-initialized 0 dead clusters
slurmnode2: done step 3/8, re-initialized 0 dead clusters
slurmnode1: done step 3/8, re-initialized 0 dead clusters
slurmnode2: done step 4/8, re-initialized 0 dead clusters
slurmnode1: done step 4/8, re-initialized 0 dead clusters
slurmnode2: done step 4/8, re-initialized 0 dead clusters
slurmnode1: done step 4/8, re-initialized 0 dead clusters
slurmnode2: done step 5/8, re-initialized 0 dead clusters
slurmnode1: done step 5/8, re-initialized 0 dead clusters
slurmnode2: done step 5/8, re-initialized 0 dead clusters
slurmnode2: done step 6/8, re-initialized 0 dead clusters
slurmnode1: done step 5/8, re-initialized 0 dead clusters
slurmnode1: done step 6/8, re-initialized 0 dead clusters
slurmnode2: done step 6/8, re-initialized 0 dead clusters
slurmnode2: done step 7/8, re-initialized 0 dead clusters
slurmnode1: done step 6/8, re-initialized 0 dead clusters
slurmnode2: done step 8/8, re-initialized 0 dead clusters
slurmnode1: done step 7/8, re-initialized 0 dead clusters
slurmnode2: done step 7/8, re-initialized 0 dead clusters
slurmnode1: done step 7/8, re-initialized 0 dead clusters
slurmnode2: done step 8/8, re-initialized 0 dead clusters
slurmnode1: done step 8/8, re-initialized 0 dead clusters
slurmnode1: done step 8/8, re-initialized 0 dead clusters
slurmnode1: [2026-07-28 07:48:34,273] [INFO] [logging.py:69:log_dist] [Rank 0] DeepSpeed info: version=0.6.5, git-hash=unknown, git-branch=unknown
slurmnode1: [2026-07-28 07:48:36,370] [INFO] [engine.py:278:__init__] DeepSpeed Flops Profiler Enabled: False
slurmnode1: Using /home/admin/.cache/torch_extensions/py38_cu115 as PyTorch extensions root...
slurmnode1: Detected CUDA files, patching ldflags
slurmnode1: Emitting ninja build file /home/admin/.cache/torch_extensions/py38_cu115/fused_adam/build.ninja...
slurmnode1: Building extension module fused_adam...
slurmnode1: Allowing ninja to set a default number of workers... (overridable by setting the environment variable MAX_JOBS=N)
slurmnode2: Using /home/admin/.cache/torch_extensions/py38_cu115 as PyTorch extensions root...
slurmnode1: ninja: no work to do.
slurmnode1: Loading extension module fused_adam...
slurmnode1: Time to load fused_adam op: 0.0536651611328125 seconds
slurmnode1: [2026-07-28 07:48:36,899] [INFO] [engine.py:1100:_configure_optimizer] Using DeepSpeed Optimizer param name adam as basic optimizer
slurmnode1: [2026-07-28 07:48:36,905] [INFO] [engine.py:1108:_configure_optimizer] DeepSpeed Basic Optimizer = FusedAdam
slurmnode1: [2026-07-28 07:48:36,905] [INFO] [logging.py:69:log_dist] [Rank 0] Creating fp16 optimizer with dynamic loss scale
slurmnode2: Using /home/admin/.cache/torch_extensions/py38_cu115 as PyTorch extensions root...
slurmnode1: [2026-07-28 07:48:36,914] [INFO] [logging.py:69:log_dist] [Rank 0] DeepSpeed Final Optimizer = adam
slurmnode1: Using /home/admin/.cache/torch_extensions/py38_cu115 as PyTorch extensions root...
slurmnode1: [2026-07-28 07:48:36,914] [INFO] [engine.py:795:_configure_lr_scheduler] DeepSpeed using client LR scheduler
slurmnode1: [2026-07-28 07:48:36,914] [INFO] [logging.py:69:log_dist] [Rank 0] DeepSpeed LR Scheduler = None
slurmnode1: [2026-07-28 07:48:36,914] [INFO] [logging.py:69:log_dist] [Rank 0] step=0, skipped=0, lr=[0.0003], mom=[(0.9, 0.999)]
slurmnode1: [2026-07-28 07:48:36,915] [INFO] [config.py:1059:print] DeepSpeedEngine configuration:
slurmnode1: [2026-07-28 07:48:36,915] [INFO] [config.py:1063:print]   activation_checkpointing_config  {
slurmnode1:     "partition_activations": true, 
slurmnode1:     "contiguous_memory_optimization": false, 
slurmnode1:     "cpu_checkpointing": false, 
slurmnode1:     "number_checkpoints": 12, 
slurmnode1:     "synchronize_checkpoint_boundary": false, 
slurmnode1:     "profile": false
slurmnode1: }
slurmnode1: [2026-07-28 07:48:36,915] [INFO] [config.py:1063:print]   aio_config ................... {'block_size': 1048576, 'queue_depth': 8, 'thread_count': 1, 'single_submit': False, 'overlap_events': True}
slurmnode1: [2026-07-28 07:48:36,915] [INFO] [config.py:1063:print]   amp_enabled .................. False
slurmnode1: [2026-07-28 07:48:36,915] [INFO] [config.py:1063:print]   amp_params ................... False
slurmnode1: [2026-07-28 07:48:36,915] [INFO] [config.py:1063:print]   autotuning_config ............ {
slurmnode1:     "enabled": false, 
slurmnode1:     "start_step": null, 
slurmnode1:     "end_step": null, 
slurmnode1:     "metric_path": null, 
slurmnode1:     "arg_mappings": null, 
slurmnode1:     "metric": "throughput", 
slurmnode1:     "model_info": null, 
slurmnode1:     "results_dir": null, 
slurmnode1:     "exps_dir": null, 
slurmnode1:     "overwrite": true, 
slurmnode1:     "fast": true, 
slurmnode1:     "start_profile_step": 3, 
slurmnode1:     "end_profile_step": 5, 
slurmnode1:     "tuner_type": "gridsearch", 
slurmnode1:     "tuner_early_stopping": 5, 
slurmnode1:     "tuner_num_trials": 50, 
slurmnode1:     "model_info_path": null, 
slurmnode1:     "mp_size": 1, 
slurmnode1:     "max_train_batch_size": null, 
slurmnode1:     "min_train_batch_size": 1, 
slurmnode1:     "max_train_micro_batch_size_per_gpu": 1.024000e+03, 
slurmnode1:     "min_train_micro_batch_size_per_gpu": 1, 
slurmnode1:     "num_tuning_micro_batch_sizes": 3
slurmnode1: }
slurmnode1: [2026-07-28 07:48:36,915] [INFO] [config.py:1063:print]   bfloat16_enabled ............. False
slurmnode1: [2026-07-28 07:48:36,915] [INFO] [config.py:1063:print]   checkpoint_tag_validation_enabled  True
slurmnode1: [2026-07-28 07:48:36,915] [INFO] [config.py:1063:print]   checkpoint_tag_validation_fail  False
slurmnode1: [2026-07-28 07:48:36,915] [INFO] [config.py:1063:print]   communication_data_type ...... None
slurmnode1: [2026-07-28 07:48:36,915] [INFO] [config.py:1063:print]   curriculum_enabled ........... False
slurmnode1: [2026-07-28 07:48:36,915] [INFO] [config.py:1063:print]   curriculum_params ............ False
slurmnode1: [2026-07-28 07:48:36,915] [INFO] [config.py:1063:print]   dataloader_drop_last ......... False
slurmnode1: [2026-07-28 07:48:36,915] [INFO] [config.py:1063:print]   disable_allgather ............ False
slurmnode1: [2026-07-28 07:48:36,915] [INFO] [config.py:1063:print]   dump_state ................... False
slurmnode1: [2026-07-28 07:48:36,915] [INFO] [config.py:1063:print]   dynamic_loss_scale_args ...... None
slurmnode1: [2026-07-28 07:48:36,915] [INFO] [config.py:1063:print]   eigenvalue_enabled ........... False
slurmnode1: [2026-07-28 07:48:36,915] [INFO] [config.py:1063:print]   eigenvalue_gas_boundary_resolution  1
slurmnode1: [2026-07-28 07:48:36,915] [INFO] [config.py:1063:print]   eigenvalue_layer_name ........ bert.encoder.layer
slurmnode1: [2026-07-28 07:48:36,916] [INFO] [config.py:1063:print]   eigenvalue_layer_num ......... 0
slurmnode1: [2026-07-28 07:48:36,916] [INFO] [config.py:1063:print]   eigenvalue_max_iter .......... 100
slurmnode1: [2026-07-28 07:48:36,916] [INFO] [config.py:1063:print]   eigenvalue_stability ......... 1e-06
slurmnode1: [2026-07-28 07:48:36,916] [INFO] [config.py:1063:print]   eigenvalue_tol ............... 0.01
slurmnode1: [2026-07-28 07:48:36,916] [INFO] [config.py:1063:print]   eigenvalue_verbose ........... False
slurmnode1: [2026-07-28 07:48:36,916] [INFO] [config.py:1063:print]   elasticity_enabled ........... False
slurmnode1: [2026-07-28 07:48:36,916] [INFO] [config.py:1063:print]   flops_profiler_config ........ {
slurmnode1:     "enabled": false, 
slurmnode1:     "profile_step": 1, 
slurmnode1:     "module_depth": -1, 
slurmnode1:     "top_modules": 1, 
slurmnode1:     "detailed": true, 
slurmnode1:     "output_file": null
slurmnode1: }
slurmnode1: [2026-07-28 07:48:36,916] [INFO] [config.py:1063:print]   fp16_enabled ................. True
slurmnode1: [2026-07-28 07:48:36,916] [INFO] [config.py:1063:print]   fp16_master_weights_and_gradients  False
slurmnode1: [2026-07-28 07:48:36,916] [INFO] [config.py:1063:print]   fp16_mixed_quantize .......... False
slurmnode1: [2026-07-28 07:48:36,916] [INFO] [config.py:1063:print]   global_rank .................. 0
slurmnode1: [2026-07-28 07:48:36,916] [INFO] [config.py:1063:print]   gradient_accumulation_steps .. 1
slurmnode1: [2026-07-28 07:48:36,916] [INFO] [config.py:1063:print]   gradient_clipping ............ 1.0
slurmnode1: [2026-07-28 07:48:36,916] [INFO] [config.py:1063:print]   gradient_predivide_factor .... 1.0
slurmnode1: [2026-07-28 07:48:36,916] [INFO] [config.py:1063:print]   initial_dynamic_scale ........ 4294967296
slurmnode1: [2026-07-28 07:48:36,916] [INFO] [config.py:1063:print]   loss_scale ................... 0
slurmnode1: [2026-07-28 07:48:36,916] [INFO] [config.py:1063:print]   memory_breakdown ............. False
slurmnode1: [2026-07-28 07:48:36,916] [INFO] [config.py:1063:print]   optimizer_legacy_fusion ...... False
slurmnode1: [2026-07-28 07:48:36,916] [INFO] [config.py:1063:print]   optimizer_name ............... adam
slurmnode1: [2026-07-28 07:48:36,916] [INFO] [config.py:1063:print]   optimizer_params ............. {'lr': 0.0003}
slurmnode1: [2026-07-28 07:48:36,916] [INFO] [config.py:1063:print]   pipeline ..................... {'stages': 'auto', 'partition': 'best', 'seed_layers': False, 'activation_checkpoint_interval': 0}
slurmnode1: [2026-07-28 07:48:36,916] [INFO] [config.py:1063:print]   pld_enabled .................. False
slurmnode1: [2026-07-28 07:48:36,916] [INFO] [config.py:1063:print]   pld_params ................... False
slurmnode1: [2026-07-28 07:48:36,916] [INFO] [config.py:1063:print]   prescale_gradients ........... False
slurmnode1: [2026-07-28 07:48:36,916] [INFO] [config.py:1063:print]   quantize_change_rate ......... 0.001
slurmnode1: [2026-07-28 07:48:36,916] [INFO] [config.py:1063:print]   quantize_groups .............. 1
slurmnode1: [2026-07-28 07:48:36,916] [INFO] [config.py:1063:print]   quantize_offset .............. 1000
slurmnode1: [2026-07-28 07:48:36,916] [INFO] [config.py:1063:print]   quantize_period .............. 1000
slurmnode1: [2026-07-28 07:48:36,916] [INFO] [config.py:1063:print]   quantize_rounding ............ 0
slurmnode1: [2026-07-28 07:48:36,916] [INFO] [config.py:1063:print]   quantize_start_bits .......... 16
slurmnode1: [2026-07-28 07:48:36,916] [INFO] [config.py:1063:print]   quantize_target_bits ......... 8
slurmnode1: [2026-07-28 07:48:36,916] [INFO] [config.py:1063:print]   quantize_training_enabled .... False
slurmnode1: [2026-07-28 07:48:36,916] [INFO] [config.py:1063:print]   quantize_type ................ 0
slurmnode1: [2026-07-28 07:48:36,916] [INFO] [config.py:1063:print]   quantize_verbose ............. False
slurmnode1: [2026-07-28 07:48:36,916] [INFO] [config.py:1063:print]   scheduler_name ............... None
slurmnode1: [2026-07-28 07:48:36,916] [INFO] [config.py:1063:print]   scheduler_params ............. None
slurmnode1: [2026-07-28 07:48:36,916] [INFO] [config.py:1063:print]   sparse_attention ............. None
slurmnode1: [2026-07-28 07:48:36,916] [INFO] [config.py:1063:print]   sparse_gradients_enabled ..... False
slurmnode1: [2026-07-28 07:48:36,916] [INFO] [config.py:1063:print]   steps_per_print .............. 10
slurmnode1: [2026-07-28 07:48:36,916] [INFO] [config.py:1063:print]   tensorboard_enabled .......... False
slurmnode1: [2026-07-28 07:48:36,916] [INFO] [config.py:1063:print]   tensorboard_job_name ......... DeepSpeedJobName
slurmnode1: [2026-07-28 07:48:36,916] [INFO] [config.py:1063:print]   tensorboard_output_path ...... 
slurmnode1: [2026-07-28 07:48:36,916] [INFO] [config.py:1063:print]   train_batch_size ............. 512
slurmnode1: [2026-07-28 07:48:36,916] [INFO] [config.py:1063:print]   train_micro_batch_size_per_gpu  128
slurmnode1: [2026-07-28 07:48:36,916] [INFO] [config.py:1063:print]   use_quantizer_kernel ......... False
slurmnode1: [2026-07-28 07:48:36,916] [INFO] [config.py:1063:print]   wall_clock_breakdown ......... False
slurmnode1: [2026-07-28 07:48:36,917] [INFO] [config.py:1063:print]   world_size ................... 4
slurmnode1: [2026-07-28 07:48:36,917] [INFO] [config.py:1063:print]   zero_allow_untested_optimizer  False
slurmnode1: [2026-07-28 07:48:36,918] [INFO] [config.py:1063:print]   zero_config .................. {
slurmnode1:     "stage": 0, 
slurmnode1:     "contiguous_gradients": true, 
slurmnode1:     "reduce_scatter": true, 
slurmnode1:     "reduce_bucket_size": 5.000000e+08, 
slurmnode1:     "allgather_partitions": true, 
slurmnode1:     "allgather_bucket_size": 5.000000e+08, 
slurmnode1:     "overlap_comm": false, 
slurmnode1:     "load_from_fp32_weights": true, 
slurmnode1:     "elastic_checkpoint": false, 
slurmnode1:     "offload_param": null, 
slurmnode1:     "offload_optimizer": null, 
slurmnode1:     "sub_group_size": 1.000000e+09, 
slurmnode1:     "prefetch_bucket_size": 5.000000e+07, 
slurmnode1:     "param_persistence_threshold": 1.000000e+05, 
slurmnode1:     "max_live_parameters": 1.000000e+09, 
slurmnode1:     "max_reuse_distance": 1.000000e+09, 
slurmnode1:     "gather_16bit_weights_on_model_save": false, 
slurmnode1:     "ignore_unused_parameters": true, 
slurmnode1:     "round_robin_gradients": false, 
slurmnode1:     "legacy_stage1": false
slurmnode1: }
slurmnode1: [2026-07-28 07:48:36,918] [INFO] [config.py:1063:print]   zero_enabled ................. False
slurmnode1: [2026-07-28 07:48:36,918] [INFO] [config.py:1063:print]   zero_optimization_stage ...... 0
slurmnode1: [2026-07-28 07:48:36,918] [INFO] [config.py:1065:print]   json = {
slurmnode1:     "train_micro_batch_size_per_gpu": 128, 
slurmnode1:     "optimizer": {
slurmnode1:         "type": "Adam", 
slurmnode1:         "params": {
slurmnode1:             "lr": 0.0003
slurmnode1:         }
slurmnode1:     }, 
slurmnode1:     "gradient_clipping": 1.0, 
slurmnode1:     "activation_checkpointing": {
slurmnode1:         "partition_activations": true, 
slurmnode1:         "cpu_checkpointing": false, 
slurmnode1:         "contiguous_memory_optimization": false, 
slurmnode1:         "number_checkpoints": 12, 
slurmnode1:         "synchronize_checkpoint_boundary": false, 
slurmnode1:         "profile": false
slurmnode1:     }, 
slurmnode1:     "fp16": {
slurmnode1:         "enabled": true
slurmnode1:     }
slurmnode1: }
slurmnode1: Using /home/admin/.cache/torch_extensions/py38_cu115 as PyTorch extensions root...
slurmnode2: Detected CUDA files, patching ldflags
slurmnode2: Emitting ninja build file /home/admin/.cache/torch_extensions/py38_cu115/fused_adam/build.ninja...
slurmnode2: Building extension module fused_adam...
slurmnode2: Allowing ninja to set a default number of workers... (overridable by setting the environment variable MAX_JOBS=N)
slurmnode1: Emitting ninja build file /home/admin/.cache/torch_extensions/py38_cu115/utils/build.ninja...
slurmnode1: Building extension module utils...
slurmnode1: Allowing ninja to set a default number of workers... (overridable by setting the environment variable MAX_JOBS=N)
slurmnode2: ninja: no work to do.
slurmnode2: Loading extension module fused_adam...
slurmnode2: Time to load fused_adam op: 0.04764294624328613 seconds
slurmnode1: ninja: no work to do.
slurmnode1: Loading extension module utils...
slurmnode1: Time to load utils op: 0.04953765869140625 seconds
slurmnode2: Using /home/admin/.cache/torch_extensions/py38_cu115 as PyTorch extensions root...
slurmnode2: Loading extension module fused_adam...
slurmnode2: Time to load fused_adam op: 0.10211014747619629 seconds
slurmnode2: Using /home/admin/.cache/torch_extensions/py38_cu115 as PyTorch extensions root...
slurmnode2: Emitting ninja build file /home/admin/.cache/torch_extensions/py38_cu115/utils/build.ninja...
slurmnode2: Building extension module utils...
slurmnode2: Allowing ninja to set a default number of workers... (overridable by setting the environment variable MAX_JOBS=N)
slurmnode1: Loading extension module fused_adam...
slurmnode1: Time to load fused_adam op: 0.10213685035705566 seconds
slurmnode2: ninja: no work to do.
slurmnode2: Loading extension module utils...
slurmnode2: Time to load utils op: 0.053379058837890625 seconds
slurmnode1: Using /home/admin/.cache/torch_extensions/py38_cu115 as PyTorch extensions root...
slurmnode1: Emitting ninja build file /home/admin/.cache/torch_extensions/py38_cu115/utils/build.ninja...
slurmnode1: Building extension module utils...
slurmnode1: Allowing ninja to set a default number of workers... (overridable by setting the environment variable MAX_JOBS=N)
slurmnode1: ninja: no work to do.
slurmnode1: Loading extension module utils...
slurmnode1: Time to load utils op: 0.08116984367370605 seconds
slurmnode2: Loading extension module utils...
slurmnode2: Time to load utils op: 0.24301671981811523 seconds
slurmnode1: [2026-07-28 07:48:38,969] [INFO] [checkpointing.py:547:forward] Activation Checkpointing Information
slurmnode1: [2026-07-28 07:48:38,969] [INFO] [checkpointing.py:548:forward] ----Partition Activations False, CPU CHECKPOINTING False
slurmnode1: [2026-07-28 07:48:38,970] [INFO] [checkpointing.py:551:forward] ----contiguous Memory Checkpointing False with None total layers
slurmnode1: [2026-07-28 07:48:38,970] [INFO] [checkpointing.py:554:forward] ----Synchronization False
slurmnode1: [2026-07-28 07:48:38,970] [INFO] [checkpointing.py:555:forward] ----Profiling time in checkpointing False
slurmnode2: [2026-07-28 07:48:41,901] [INFO] [fused_optimizer.py:382:_update_scale] 
slurmnode2: Grad overflow on iteration 0
slurmnode2: [2026-07-28 07:48:41,902] [INFO] [fused_optimizer.py:383:_update_scale] Reducing dynamic loss scale from 4294967296 to 2147483648.0
slurmnode2: [2026-07-28 07:48:41,902] [INFO] [fused_optimizer.py:382:_update_scale] 
slurmnode2: Grad overflow on iteration 0
slurmnode2: [2026-07-28 07:48:41,902] [INFO] [fused_optimizer.py:383:_update_scale] Reducing dynamic loss scale from 4294967296 to 2147483648.0
slurmnode1: [2026-07-28 07:48:41,902] [INFO] [fused_optimizer.py:382:_update_scale] 
slurmnode1: Grad overflow on iteration 0
slurmnode1: [2026-07-28 07:48:41,902] [INFO] [fused_optimizer.py:383:_update_scale] Reducing dynamic loss scale from 4294967296 to 2147483648.0
slurmnode1: [2026-07-28 07:48:41,902] [INFO] [fused_optimizer.py:382:_update_scale] 
slurmnode1: Grad overflow on iteration 0
slurmnode1: [2026-07-28 07:48:41,903] [INFO] [fused_optimizer.py:383:_update_scale] Reducing dynamic loss scale from 4294967296 to 2147483648.0
slurmnode1: [2026-07-28 07:48:41,903] [INFO] [logging.py:69:log_dist] [Rank 0] Overflow detected. Skipping step. Attempted loss scale: 4294967296, reducing to 2147483648.0
slurmnode1: [2026-07-28 07:48:43,988] [INFO] [fused_optimizer.py:382:_update_scale] 
slurmnode1: Grad overflow on iteration 1
slurmnode1: [2026-07-28 07:48:43,988] [INFO] [fused_optimizer.py:383:_update_scale] Reducing dynamic loss scale from 2147483648.0 to 1073741824.0
slurmnode2: [2026-07-28 07:48:43,988] [INFO] [fused_optimizer.py:382:_update_scale] 
slurmnode2: Grad overflow on iteration 1
slurmnode2: [2026-07-28 07:48:43,988] [INFO] [fused_optimizer.py:383:_update_scale] Reducing dynamic loss scale from 2147483648.0 to 1073741824.0
slurmnode2: [2026-07-28 07:48:43,988] [INFO] [fused_optimizer.py:382:_update_scale] 
slurmnode2: Grad overflow on iteration 1
slurmnode2: [2026-07-28 07:48:43,989] [INFO] [fused_optimizer.py:383:_update_scale] Reducing dynamic loss scale from 2147483648.0 to 1073741824.0
slurmnode1: [2026-07-28 07:48:43,989] [INFO] [fused_optimizer.py:382:_update_scale] 
slurmnode1: Grad overflow on iteration 1
slurmnode1: [2026-07-28 07:48:43,989] [INFO] [fused_optimizer.py:383:_update_scale] Reducing dynamic loss scale from 2147483648.0 to 1073741824.0
slurmnode1: [2026-07-28 07:48:43,989] [INFO] [logging.py:69:log_dist] [Rank 0] Overflow detected. Skipping step. Attempted loss scale: 2147483648.0, reducing to 1073741824.0
slurmnode2: [2026-07-28 07:48:46,076] [INFO] [fused_optimizer.py:382:_update_scale] 
slurmnode2: Grad overflow on iteration 2
slurmnode2: [2026-07-28 07:48:46,076] [INFO] [fused_optimizer.py:383:_update_scale] Reducing dynamic loss scale from 1073741824.0 to 536870912.0
slurmnode2: [2026-07-28 07:48:46,076] [INFO] [fused_optimizer.py:382:_update_scale] 
slurmnode2: Grad overflow on iteration 2
slurmnode1: [2026-07-28 07:48:46,076] [INFO] [fused_optimizer.py:382:_update_scale] 
slurmnode2: [2026-07-28 07:48:46,076] [INFO] [fused_optimizer.py:383:_update_scale] Reducing dynamic loss scale from 1073741824.0 to 536870912.0
slurmnode1: Grad overflow on iteration 2
slurmnode1: [2026-07-28 07:48:46,077] [INFO] [fused_optimizer.py:383:_update_scale] Reducing dynamic loss scale from 1073741824.0 to 536870912.0
slurmnode1: [2026-07-28 07:48:46,077] [INFO] [fused_optimizer.py:382:_update_scale] 
slurmnode1: Grad overflow on iteration 2
slurmnode1: [2026-07-28 07:48:46,077] [INFO] [fused_optimizer.py:383:_update_scale] Reducing dynamic loss scale from 1073741824.0 to 536870912.0
slurmnode1: [2026-07-28 07:48:46,077] [INFO] [logging.py:69:log_dist] [Rank 0] Overflow detected. Skipping step. Attempted loss scale: 1073741824.0, reducing to 536870912.0
slurmnode2: [2026-07-28 07:48:48,162] [INFO] [fused_optimizer.py:382:_update_scale] 
slurmnode2: Grad overflow on iteration 3
slurmnode2: [2026-07-28 07:48:48,163] [INFO] [fused_optimizer.py:383:_update_scale] Reducing dynamic loss scale from 536870912.0 to 268435456.0
slurmnode2: [2026-07-28 07:48:48,163] [INFO] [fused_optimizer.py:382:_update_scale] 
slurmnode2: Grad overflow on iteration 3
slurmnode2: [2026-07-28 07:48:48,163] [INFO] [fused_optimizer.py:383:_update_scale] Reducing dynamic loss scale from 536870912.0 to 268435456.0
slurmnode1: [2026-07-28 07:48:48,162] [INFO] [fused_optimizer.py:382:_update_scale] 
slurmnode1: Grad overflow on iteration 3
slurmnode1: [2026-07-28 07:48:48,162] [INFO] [fused_optimizer.py:383:_update_scale] Reducing dynamic loss scale from 536870912.0 to 268435456.0
slurmnode1: [2026-07-28 07:48:48,163] [INFO] [fused_optimizer.py:382:_update_scale] 
slurmnode1: Grad overflow on iteration 3
slurmnode1: [2026-07-28 07:48:48,163] [INFO] [fused_optimizer.py:383:_update_scale] Reducing dynamic loss scale from 536870912.0 to 268435456.0
slurmnode1: [2026-07-28 07:48:48,163] [INFO] [logging.py:69:log_dist] [Rank 0] Overflow detected. Skipping step. Attempted loss scale: 536870912.0, reducing to 268435456.0
slurmnode2: [2026-07-28 07:48:50,250] [INFO] [fused_optimizer.py:382:_update_scale] 
slurmnode2: Grad overflow on iteration 4
slurmnode1: [2026-07-28 07:48:50,251] [INFO] [fused_optimizer.py:382:_update_scale] 
slurmnode1: Grad overflow on iteration 4
slurmnode1: [2026-07-28 07:48:50,251] [INFO] [fused_optimizer.py:383:_update_scale] Reducing dynamic loss scale from 268435456.0 to 134217728.0
slurmnode2: [2026-07-28 07:48:50,251] [INFO] [fused_optimizer.py:383:_update_scale] Reducing dynamic loss scale from 268435456.0 to 134217728.0
slurmnode2: [2026-07-28 07:48:50,251] [INFO] [fused_optimizer.py:382:_update_scale] 
slurmnode2: Grad overflow on iteration 4
slurmnode2: [2026-07-28 07:48:50,251] [INFO] [fused_optimizer.py:383:_update_scale] Reducing dynamic loss scale from 268435456.0 to 134217728.0
slurmnode1: [2026-07-28 07:48:50,251] [INFO] [fused_optimizer.py:382:_update_scale] 
slurmnode1: Grad overflow on iteration 4
slurmnode1: [2026-07-28 07:48:50,251] [INFO] [logging.py:69:log_dist] [Rank 0] Overflow detected. Skipping step. Attempted loss scale: 268435456.0, reducing to 134217728.0
slurmnode1: [2026-07-28 07:48:50,251] [INFO] [fused_optimizer.py:383:_update_scale] Reducing dynamic loss scale from 268435456.0 to 134217728.0
slurmnode1: [2026-07-28 07:48:52,344] [INFO] [fused_optimizer.py:382:_update_scale] 
slurmnode1: Grad overflow on iteration 5
slurmnode1: [2026-07-28 07:48:52,344] [INFO] [fused_optimizer.py:383:_update_scale] Reducing dynamic loss scale from 134217728.0 to 67108864.0
slurmnode2: [2026-07-28 07:48:52,344] [INFO] [fused_optimizer.py:382:_update_scale] 
slurmnode2: Grad overflow on iteration 5
slurmnode2: [2026-07-28 07:48:52,344] [INFO] [fused_optimizer.py:383:_update_scale] Reducing dynamic loss scale from 134217728.0 to 67108864.0
slurmnode1: [2026-07-28 07:48:52,344] [INFO] [fused_optimizer.py:382:_update_scale] 
slurmnode1: Grad overflow on iteration 5
slurmnode1: [2026-07-28 07:48:52,345] [INFO] [fused_optimizer.py:383:_update_scale] Reducing dynamic loss scale from 134217728.0 to 67108864.0
slurmnode1: [2026-07-28 07:48:52,345] [INFO] [logging.py:69:log_dist] [Rank 0] Overflow detected. Skipping step. Attempted loss scale: 134217728.0, reducing to 67108864.0
slurmnode2: [2026-07-28 07:48:52,345] [INFO] [fused_optimizer.py:382:_update_scale] 
slurmnode2: Grad overflow on iteration 5
slurmnode2: [2026-07-28 07:48:52,345] [INFO] [fused_optimizer.py:383:_update_scale] Reducing dynamic loss scale from 134217728.0 to 67108864.0
slurmnode2: [2026-07-28 07:48:54,437] [INFO] [fused_optimizer.py:382:_update_scale] 
slurmnode2: Grad overflow on iteration 6
slurmnode2: [2026-07-28 07:48:54,437] [INFO] [fused_optimizer.py:383:_update_scale] Reducing dynamic loss scale from 67108864.0 to 33554432.0
slurmnode2: [2026-07-28 07:48:54,437] [INFO] [fused_optimizer.py:382:_update_scale] 
slurmnode2: Grad overflow on iteration 6
slurmnode2: [2026-07-28 07:48:54,437] [INFO] [fused_optimizer.py:383:_update_scale] Reducing dynamic loss scale from 67108864.0 to 33554432.0
slurmnode1: [2026-07-28 07:48:54,437] [INFO] [fused_optimizer.py:382:_update_scale] 
slurmnode1: Grad overflow on iteration 6
slurmnode1: [2026-07-28 07:48:54,437] [INFO] [fused_optimizer.py:383:_update_scale] Reducing dynamic loss scale from 67108864.0 to 33554432.0
slurmnode1: [2026-07-28 07:48:54,437] [INFO] [fused_optimizer.py:382:_update_scale] 
slurmnode1: Grad overflow on iteration 6
slurmnode1: [2026-07-28 07:48:54,438] [INFO] [fused_optimizer.py:383:_update_scale] Reducing dynamic loss scale from 67108864.0 to 33554432.0
slurmnode1: [2026-07-28 07:48:54,438] [INFO] [logging.py:69:log_dist] [Rank 0] Overflow detected. Skipping step. Attempted loss scale: 67108864.0, reducing to 33554432.0
slurmnode2: [2026-07-28 07:48:56,525] [INFO] [fused_optimizer.py:382:_update_scale] 
slurmnode2: Grad overflow on iteration 7
slurmnode2: [2026-07-28 07:48:56,525] [INFO] [fused_optimizer.py:383:_update_scale] Reducing dynamic loss scale from 33554432.0 to 16777216.0
slurmnode1: [2026-07-28 07:48:56,525] [INFO] [fused_optimizer.py:382:_update_scale] 
slurmnode1: Grad overflow on iteration 7
slurmnode1: [2026-07-28 07:48:56,525] [INFO] [fused_optimizer.py:383:_update_scale] Reducing dynamic loss scale from 33554432.0 to 16777216.0
slurmnode1: [2026-07-28 07:48:56,525] [INFO] [fused_optimizer.py:382:_update_scale] 
slurmnode1: Grad overflow on iteration 7
slurmnode1: [2026-07-28 07:48:56,525] [INFO] [fused_optimizer.py:383:_update_scale] Reducing dynamic loss scale from 33554432.0 to 16777216.0
slurmnode2: [2026-07-28 07:48:56,525] [INFO] [fused_optimizer.py:382:_update_scale] 
slurmnode2: Grad overflow on iteration 7
slurmnode2: [2026-07-28 07:48:56,525] [INFO] [fused_optimizer.py:383:_update_scale] Reducing dynamic loss scale from 33554432.0 to 16777216.0
slurmnode1: [2026-07-28 07:48:56,525] [INFO] [logging.py:69:log_dist] [Rank 0] Overflow detected. Skipping step. Attempted loss scale: 33554432.0, reducing to 16777216.0
slurmnode1: [2026-07-28 07:48:58,614] [INFO] [fused_optimizer.py:382:_update_scale] 
slurmnode1: Grad overflow on iteration 8
slurmnode1: [2026-07-28 07:48:58,614] [INFO] [fused_optimizer.py:383:_update_scale] Reducing dynamic loss scale from 16777216.0 to 8388608.0
slurmnode2: [2026-07-28 07:48:58,614] [INFO] [fused_optimizer.py:382:_update_scale] 
slurmnode2: Grad overflow on iteration 8
slurmnode2: [2026-07-28 07:48:58,614] [INFO] [fused_optimizer.py:383:_update_scale] Reducing dynamic loss scale from 16777216.0 to 8388608.0
slurmnode2: [2026-07-28 07:48:58,614] [INFO] [fused_optimizer.py:382:_update_scale] 
slurmnode2: Grad overflow on iteration 8
slurmnode2: [2026-07-28 07:48:58,615] [INFO] [fused_optimizer.py:383:_update_scale] Reducing dynamic loss scale from 16777216.0 to 8388608.0
slurmnode1: [2026-07-28 07:48:58,614] [INFO] [fused_optimizer.py:382:_update_scale] 
slurmnode1: Grad overflow on iteration 8
slurmnode1: [2026-07-28 07:48:58,614] [INFO] [fused_optimizer.py:383:_update_scale] Reducing dynamic loss scale from 16777216.0 to 8388608.0
slurmnode1: [2026-07-28 07:48:58,615] [INFO] [logging.py:69:log_dist] [Rank 0] Overflow detected. Skipping step. Attempted loss scale: 16777216.0, reducing to 8388608.0
slurmnode2: [2026-07-28 07:49:00,704] [INFO] [fused_optimizer.py:382:_update_scale] 
slurmnode2: Grad overflow on iteration 9
slurmnode2: [2026-07-28 07:49:00,704] [INFO] [fused_optimizer.py:383:_update_scale] Reducing dynamic loss scale from 8388608.0 to 4194304.0
slurmnode2: [2026-07-28 07:49:00,704] [INFO] [fused_optimizer.py:382:_update_scale] 
slurmnode2: Grad overflow on iteration 9
slurmnode2: [2026-07-28 07:49:00,704] [INFO] [fused_optimizer.py:383:_update_scale] Reducing dynamic loss scale from 8388608.0 to 4194304.0
slurmnode1: [2026-07-28 07:49:00,704] [INFO] [fused_optimizer.py:382:_update_scale] 
slurmnode1: Grad overflow on iteration 9
slurmnode1: [2026-07-28 07:49:00,704] [INFO] [fused_optimizer.py:383:_update_scale] Reducing dynamic loss scale from 8388608.0 to 4194304.0
slurmnode1: [2026-07-28 07:49:00,704] [INFO] [fused_optimizer.py:382:_update_scale] 
slurmnode1: Grad overflow on iteration 9
slurmnode1: [2026-07-28 07:49:00,704] [INFO] [fused_optimizer.py:383:_update_scale] Reducing dynamic loss scale from 8388608.0 to 4194304.0
slurmnode1: [2026-07-28 07:49:00,704] [INFO] [logging.py:69:log_dist] [Rank 0] Overflow detected. Skipping step. Attempted loss scale: 8388608.0, reducing to 4194304.0
slurmnode1: [2026-07-28 07:49:00,705] [INFO] [logging.py:69:log_dist] [Rank 0] step=10, skipped=10, lr=[6.912e-05], mom=[(0.9, 0.999)]
slurmnode1: [2026-07-28 07:49:00,705] [INFO] [timer.py:193:stop] 0/10, SamplesPerSec=245.117710744089, MemAllocated=0.28GB, MaxMemAllocated=9.49GB
slurmnode1: [2026-07-28 07:49:02,794] [INFO] [fused_optimizer.py:382:_update_scale] 
slurmnode1: Grad overflow on iteration 10
slurmnode1: [2026-07-28 07:49:02,794] [INFO] [fused_optimizer.py:383:_update_scale] Reducing dynamic loss scale from 4194304.0 to 2097152.0
slurmnode1: [2026-07-28 07:49:02,794] [INFO] [fused_optimizer.py:382:_update_scale] 
slurmnode1: Grad overflow on iteration 10
slurmnode1: [2026-07-28 07:49:02,795] [INFO] [fused_optimizer.py:383:_update_scale] Reducing dynamic loss scale from 4194304.0 to 2097152.0
slurmnode1: [2026-07-28 07:49:02,795] [INFO] [logging.py:69:log_dist] [Rank 0] Overflow detected. Skipping step. Attempted loss scale: 4194304.0, reducing to 2097152.0
slurmnode2: [2026-07-28 07:49:02,794] [INFO] [fused_optimizer.py:382:_update_scale] 
slurmnode2: Grad overflow on iteration 10
slurmnode2: [2026-07-28 07:49:02,794] [INFO] [fused_optimizer.py:383:_update_scale] Reducing dynamic loss scale from 4194304.0 to 2097152.0
slurmnode2: [2026-07-28 07:49:02,794] [INFO] [fused_optimizer.py:382:_update_scale] 
slurmnode2: Grad overflow on iteration 10
slurmnode2: [2026-07-28 07:49:02,794] [INFO] [fused_optimizer.py:383:_update_scale] Reducing dynamic loss scale from 4194304.0 to 2097152.0
slurmnode2: [2026-07-28 07:49:04,886] [INFO] [fused_optimizer.py:382:_update_scale] 
slurmnode2: Grad overflow on iteration 11
slurmnode2: [2026-07-28 07:49:04,886] [INFO] [fused_optimizer.py:383:_update_scale] Reducing dynamic loss scale from 2097152.0 to 1048576.0
slurmnode2: [2026-07-28 07:49:04,886] [INFO] [fused_optimizer.py:382:_update_scale] 
slurmnode2: Grad overflow on iteration 11
slurmnode2: [2026-07-28 07:49:04,886] [INFO] [fused_optimizer.py:383:_update_scale] Reducing dynamic loss scale from 2097152.0 to 1048576.0
slurmnode1: [2026-07-28 07:49:04,886] [INFO] [fused_optimizer.py:382:_update_scale] 
slurmnode1: Grad overflow on iteration 11
slurmnode1: [2026-07-28 07:49:04,886] [INFO] [fused_optimizer.py:383:_update_scale] Reducing dynamic loss scale from 2097152.0 to 1048576.0
slurmnode1: [2026-07-28 07:49:04,887] [INFO] [fused_optimizer.py:382:_update_scale] 
slurmnode1: Grad overflow on iteration 11
slurmnode1: [2026-07-28 07:49:04,887] [INFO] [fused_optimizer.py:383:_update_scale] Reducing dynamic loss scale from 2097152.0 to 1048576.0
slurmnode1: [2026-07-28 07:49:04,887] [INFO] [logging.py:69:log_dist] [Rank 0] Overflow detected. Skipping step. Attempted loss scale: 2097152.0, reducing to 1048576.0
slurmnode2: [2026-07-28 07:49:06,981] [INFO] [fused_optimizer.py:382:_update_scale] 
slurmnode2: Grad overflow on iteration 12
slurmnode2: [2026-07-28 07:49:06,982] [INFO] [fused_optimizer.py:383:_update_scale] Reducing dynamic loss scale from 1048576.0 to 524288.0
slurmnode2: [2026-07-28 07:49:06,982] [INFO] [fused_optimizer.py:382:_update_scale] 
slurmnode2: Grad overflow on iteration 12
slurmnode2: [2026-07-28 07:49:06,982] [INFO] [fused_optimizer.py:383:_update_scale] Reducing dynamic loss scale from 1048576.0 to 524288.0
slurmnode1: [2026-07-28 07:49:06,982] [INFO] [fused_optimizer.py:382:_update_scale] 
slurmnode1: Grad overflow on iteration 12
slurmnode1: [2026-07-28 07:49:06,982] [INFO] [fused_optimizer.py:383:_update_scale] Reducing dynamic loss scale from 1048576.0 to 524288.0
slurmnode1: [2026-07-28 07:49:06,982] [INFO] [fused_optimizer.py:382:_update_scale] 
slurmnode1: Grad overflow on iteration 12
slurmnode1: [2026-07-28 07:49:06,982] [INFO] [fused_optimizer.py:383:_update_scale] Reducing dynamic loss scale from 1048576.0 to 524288.0
slurmnode1: [2026-07-28 07:49:06,982] [INFO] [logging.py:69:log_dist] [Rank 0] Overflow detected. Skipping step. Attempted loss scale: 1048576.0, reducing to 524288.0
slurmnode1: [2026-07-28 07:49:09,077] [INFO] [fused_optimizer.py:382:_update_scale] 
slurmnode1: Grad overflow on iteration 13
slurmnode1: [2026-07-28 07:49:09,077] [INFO] [fused_optimizer.py:383:_update_scale] Reducing dynamic loss scale from 524288.0 to 262144.0
slurmnode2: [2026-07-28 07:49:09,077] [INFO] [fused_optimizer.py:382:_update_scale] 
slurmnode2: Grad overflow on iteration 13
slurmnode2: [2026-07-28 07:49:09,077] [INFO] [fused_optimizer.py:383:_update_scale] Reducing dynamic loss scale from 524288.0 to 262144.0
slurmnode1: [2026-07-28 07:49:09,077] [INFO] [fused_optimizer.py:382:_update_scale] 
slurmnode1: Grad overflow on iteration 13
slurmnode1: [2026-07-28 07:49:09,077] [INFO] [fused_optimizer.py:383:_update_scale] Reducing dynamic loss scale from 524288.0 to 262144.0
slurmnode1: [2026-07-28 07:49:09,078] [INFO] [logging.py:69:log_dist] [Rank 0] Overflow detected. Skipping step. Attempted loss scale: 524288.0, reducing to 262144.0
slurmnode2: [2026-07-28 07:49:09,077] [INFO] [fused_optimizer.py:382:_update_scale] 
slurmnode2: Grad overflow on iteration 13
slurmnode2: [2026-07-28 07:49:09,078] [INFO] [fused_optimizer.py:383:_update_scale] Reducing dynamic loss scale from 524288.0 to 262144.0
slurmnode2: [2026-07-28 07:49:11,176] [INFO] [fused_optimizer.py:382:_update_scale] 
slurmnode2: Grad overflow on iteration 14
slurmnode2: [2026-07-28 07:49:11,176] [INFO] [fused_optimizer.py:383:_update_scale] Reducing dynamic loss scale from 262144.0 to 131072.0
slurmnode2: [2026-07-28 07:49:11,177] [INFO] [fused_optimizer.py:382:_update_scale] 
slurmnode2: Grad overflow on iteration 14
slurmnode2: [2026-07-28 07:49:11,177] [INFO] [fused_optimizer.py:383:_update_scale] Reducing dynamic loss scale from 262144.0 to 131072.0
slurmnode1: [2026-07-28 07:49:11,177] [INFO] [fused_optimizer.py:382:_update_scale] 
slurmnode1: Grad overflow on iteration 14
slurmnode1: [2026-07-28 07:49:11,177] [INFO] [fused_optimizer.py:383:_update_scale] Reducing dynamic loss scale from 262144.0 to 131072.0
slurmnode1: [2026-07-28 07:49:11,177] [INFO] [fused_optimizer.py:382:_update_scale] 
slurmnode1: Grad overflow on iteration 14
slurmnode1: [2026-07-28 07:49:11,177] [INFO] [fused_optimizer.py:383:_update_scale] Reducing dynamic loss scale from 262144.0 to 131072.0
slurmnode1: [2026-07-28 07:49:11,177] [INFO] [logging.py:69:log_dist] [Rank 0] Overflow detected. Skipping step. Attempted loss scale: 262144.0, reducing to 131072.0
slurmnode1: [2026-07-28 07:49:13,277] [INFO] [fused_optimizer.py:382:_update_scale] 
slurmnode2: [2026-07-28 07:49:13,276] [INFO] [fused_optimizer.py:382:_update_scale] 
slurmnode1: Grad overflow on iteration 15
slurmnode1: [2026-07-28 07:49:13,277] [INFO] [fused_optimizer.py:383:_update_scale] Reducing dynamic loss scale from 131072.0 to 65536.0
slurmnode1: [2026-07-28 07:49:13,277] [INFO] [fused_optimizer.py:382:_update_scale] 
slurmnode2: Grad overflow on iteration 15
slurmnode2: [2026-07-28 07:49:13,277] [INFO] [fused_optimizer.py:383:_update_scale] Reducing dynamic loss scale from 131072.0 to 65536.0
slurmnode1: Grad overflow on iteration 15
slurmnode1: [2026-07-28 07:49:13,277] [INFO] [fused_optimizer.py:383:_update_scale] Reducing dynamic loss scale from 131072.0 to 65536.0
slurmnode1: [2026-07-28 07:49:13,277] [INFO] [logging.py:69:log_dist] [Rank 0] Overflow detected. Skipping step. Attempted loss scale: 131072.0, reducing to 65536.0
slurmnode2: [2026-07-28 07:49:13,277] [INFO] [fused_optimizer.py:382:_update_scale] 
slurmnode2: Grad overflow on iteration 15
slurmnode2: [2026-07-28 07:49:13,277] [INFO] [fused_optimizer.py:383:_update_scale] Reducing dynamic loss scale from 131072.0 to 65536.0
slurmnode1: [2026-07-28 07:49:15,375] [INFO] [fused_optimizer.py:382:_update_scale] 
slurmnode1: Grad overflow on iteration 16
slurmnode1: [2026-07-28 07:49:15,375] [INFO] [fused_optimizer.py:383:_update_scale] Reducing dynamic loss scale from 65536.0 to 32768.0
slurmnode2: [2026-07-28 07:49:15,375] [INFO] [fused_optimizer.py:382:_update_scale] 
slurmnode2: Grad overflow on iteration 16
slurmnode2: [2026-07-28 07:49:15,375] [INFO] [fused_optimizer.py:382:_update_scale] 
slurmnode2: Grad overflow on iteration 16
slurmnode2: [2026-07-28 07:49:15,375] [INFO] [fused_optimizer.py:383:_update_scale] Reducing dynamic loss scale from 65536.0 to 32768.0
slurmnode2: [2026-07-28 07:49:15,375] [INFO] [fused_optimizer.py:383:_update_scale] Reducing dynamic loss scale from 65536.0 to 32768.0
slurmnode1: [2026-07-28 07:49:15,375] [INFO] [fused_optimizer.py:382:_update_scale] 
slurmnode1: Grad overflow on iteration 16
slurmnode1: [2026-07-28 07:49:15,376] [INFO] [fused_optimizer.py:383:_update_scale] Reducing dynamic loss scale from 65536.0 to 32768.0
slurmnode1: [2026-07-28 07:49:15,376] [INFO] [logging.py:69:log_dist] [Rank 0] Overflow detected. Skipping step. Attempted loss scale: 65536.0, reducing to 32768.0
slurmnode1: [2026-07-28 07:49:21,707] [INFO] [logging.py:69:log_dist] [Rank 0] step=20, skipped=17, lr=[0.00014592], mom=[(0.9, 0.999)]
slurmnode1: [2026-07-28 07:49:21,708] [INFO] [timer.py:193:stop] 0/20, SamplesPerSec=244.40999429572892, MemAllocated=0.28GB, MaxMemAllocated=9.49GB
slurmnode1: [2026-07-28 07:49:42,827] [INFO] [logging.py:69:log_dist] [Rank 0] step=30, skipped=17, lr=[0.00022272], mom=[(0.9, 0.999)]
slurmnode1: [2026-07-28 07:49:42,827] [INFO] [timer.py:193:stop] 0/30, SamplesPerSec=243.730654619679, MemAllocated=0.28GB, MaxMemAllocated=9.49GB
slurmnode1: [2026-07-28 07:50:04,002] [INFO] [logging.py:69:log_dist] [Rank 0] step=40, skipped=17, lr=[0.00029952], mom=[(0.9, 0.999)]
slurmnode1: [2026-07-28 07:50:04,003] [INFO] [timer.py:193:stop] 0/40, SamplesPerSec=243.23813151178894, MemAllocated=0.28GB, MaxMemAllocated=9.49GB
slurmnode1: [2026-07-28 07:50:25,210] [INFO] [logging.py:69:log_dist] [Rank 0] step=50, skipped=17, lr=[0.00037632], mom=[(0.9, 0.999)]
slurmnode1: [2026-07-28 07:50:25,211] [INFO] [timer.py:193:stop] 0/50, SamplesPerSec=242.8684426832437, MemAllocated=0.28GB, MaxMemAllocated=9.49GB
slurmnode1: [2026-07-28 07:50:46,461] [INFO] [logging.py:69:log_dist] [Rank 0] step=60, skipped=17, lr=[0.00045312000000000005], mom=[(0.9, 0.999)]
slurmnode1: [2026-07-28 07:50:46,461] [INFO] [timer.py:193:stop] 0/60, SamplesPerSec=242.5451463318598, MemAllocated=0.28GB, MaxMemAllocated=9.49GB
slurmnode1: [2026-07-28 07:51:07,756] [INFO] [logging.py:69:log_dist] [Rank 0] step=70, skipped=17, lr=[0.00052992], mom=[(0.9, 0.999)]
slurmnode1: [2026-07-28 07:51:07,757] [INFO] [timer.py:193:stop] 0/70, SamplesPerSec=242.2410596646529, MemAllocated=0.28GB, MaxMemAllocated=9.49GB
slurmnode1: [2026-07-28 07:51:29,122] [INFO] [logging.py:69:log_dist] [Rank 0] step=80, skipped=17, lr=[0.00060672], mom=[(0.9, 0.999)]
slurmnode1: [2026-07-28 07:51:29,122] [INFO] [timer.py:193:stop] 0/80, SamplesPerSec=241.9121567369904, MemAllocated=0.28GB, MaxMemAllocated=9.49GB
slurmnode1: [2026-07-28 07:51:50,510] [INFO] [logging.py:69:log_dist] [Rank 0] step=90, skipped=17, lr=[0.00068352], mom=[(0.9, 0.999)]
slurmnode1: [2026-07-28 07:51:50,510] [INFO] [timer.py:193:stop] 0/90, SamplesPerSec=241.62922663614296, MemAllocated=0.28GB, MaxMemAllocated=9.49GB
slurmnode1: [2026-07-28 07:52:12,987] [INFO] [logging.py:69:log_dist] [Rank 0] step=100, skipped=17, lr=[0.00075768], mom=[(0.9, 0.999)]
slurmnode1: [2026-07-28 07:52:12,988] [INFO] [timer.py:193:stop] 0/100, SamplesPerSec=240.31033693636164, MemAllocated=0.28GB, MaxMemAllocated=9.49GB
slurmnode1: [2026-07-28 07:52:34,376] [INFO] [logging.py:69:log_dist] [Rank 0] step=110, skipped=17, lr=[0.0008344800000000001], mom=[(0.9, 0.999)]
slurmnode1: [2026-07-28 07:52:34,377] [INFO] [timer.py:193:stop] 0/110, SamplesPerSec=240.22798672756838, MemAllocated=0.28GB, MaxMemAllocated=9.49GB
slurmnode1: [2026-07-28 07:52:55,782] [INFO] [logging.py:69:log_dist] [Rank 0] step=120, skipped=17, lr=[0.00091128], mom=[(0.9, 0.999)]
slurmnode1: [2026-07-28 07:52:55,783] [INFO] [timer.py:193:stop] 0/120, SamplesPerSec=240.14375083204678, MemAllocated=0.28GB, MaxMemAllocated=9.49GB
slurmnode1: [2026-07-28 07:53:17,176] [INFO] [logging.py:69:log_dist] [Rank 0] step=130, skipped=17, lr=[0.00098808], mom=[(0.9, 0.999)]
slurmnode1: [2026-07-28 07:53:17,176] [INFO] [timer.py:193:stop] 0/130, SamplesPerSec=240.0832387923414, MemAllocated=0.28GB, MaxMemAllocated=9.49GB
slurmnode1: [2026-07-28 07:53:38,560] [INFO] [logging.py:69:log_dist] [Rank 0] step=140, skipped=17, lr=[0.00106488], mom=[(0.9, 0.999)]
slurmnode1: [2026-07-28 07:53:38,561] [INFO] [timer.py:193:stop] 0/140, SamplesPerSec=240.03943409562365, MemAllocated=0.28GB, MaxMemAllocated=9.49GB
slurmnode1: [2026-07-28 07:53:59,940] [INFO] [logging.py:69:log_dist] [Rank 0] step=150, skipped=17, lr=[0.00114168], mom=[(0.9, 0.999)]
slurmnode1: [2026-07-28 07:53:59,940] [INFO] [timer.py:193:stop] 0/150, SamplesPerSec=240.00534168981264, MemAllocated=0.28GB, MaxMemAllocated=9.49GB
slurmnode1: [2026-07-28 07:54:21,301] [INFO] [logging.py:69:log_dist] [Rank 0] step=160, skipped=17, lr=[0.00121848], mom=[(0.9, 0.999)]
slurmnode1: [2026-07-28 07:54:21,301] [INFO] [timer.py:193:stop] 0/160, SamplesPerSec=239.98885853045556, MemAllocated=0.28GB, MaxMemAllocated=9.49GB
slurmnode1: [2026-07-28 07:54:42,676] [INFO] [logging.py:69:log_dist] [Rank 0] step=170, skipped=17, lr=[0.00129528], mom=[(0.9, 0.999)]
slurmnode1: [2026-07-28 07:54:42,677] [INFO] [timer.py:193:stop] 0/170, SamplesPerSec=239.96430424577488, MemAllocated=0.28GB, MaxMemAllocated=9.49GB
slurmnode1: [2026-07-28 07:55:04,075] [INFO] [logging.py:69:log_dist] [Rank 0] step=180, skipped=17, lr=[0.00137208], mom=[(0.9, 0.999)]
slurmnode1: [2026-07-28 07:55:04,076] [INFO] [timer.py:193:stop] 0/180, SamplesPerSec=239.9280134681425, MemAllocated=0.28GB, MaxMemAllocated=9.49GB
slurmnode1: [2026-07-28 07:55:25,469] [INFO] [logging.py:69:log_dist] [Rank 0] step=190, skipped=17, lr=[0.00144888], mom=[(0.9, 0.999)]
slurmnode1: [2026-07-28 07:55:25,470] [INFO] [timer.py:193:stop] 0/190, SamplesPerSec=239.8987120851067, MemAllocated=0.28GB, MaxMemAllocated=9.49GB
